[2026-09-16T10:20:39.963Z] GET http://localhost:5183/ → 200 (14ms, 328B)
[2026-09-16T10:20:39.986Z] GET http://localhost:5183/@vite/client → 200 (17ms, 182535B)
[2026-09-16T10:20:39.986Z] GET http://localhost:5183/src/main.js → 200 (5ms, 962B)
[2026-09-16T10:20:39.992Z] GET http://localhost:5183/node_modules/.vite/deps/vue.js?v=a36f4411 → 200 (24ms, 395696B)
[2026-09-16T10:20:39.992Z] GET http://localhost:5183/src/App.vue → 200 (15ms, 127010B)
[2026-09-16T10:20:39.992Z] GET http://localhost:5183/src/style.css → 200 (15ms, 3461B)
[2026-09-16T10:20:40.004Z] GET http://localhost:5183/node_modules/vite/dist/client/env.mjs → 200 (4ms, 4278B)
[2026-09-16T10:20:40.007Z] GET http://localhost:5183/node_modules/.vite/deps/phaser.js?v=a36f4411 → 200 (56ms, ?B)
[2026-09-16T10:20:40.007Z] GET http://localhost:5183/src/artwork.js → 200 (20ms, 17025B)
[2026-09-16T10:20:40.007Z] GET http://localhost:5183/@id/__x00__plugin-vue:export-helper → 200 (20ms, 1074B)
[2026-09-16T10:20:40.021Z] GET http://localhost:5183/node_modules/.vite/deps/chunk-BUSYA2B4.js?v=a36f4411 → 200 (7ms, 1399B)
[2026-09-16T10:20:40.611Z] GET http://localhost:5183/assets/background.jpg → 200 (1ms, 198180B)
[2026-09-16T10:20:40.611Z] GET http://localhost:5183/assets/cartoon/slingshot-sheet.png → 200 (1ms, 1558609B)
[2026-09-16T10:20:40.612Z] GET http://localhost:5183/assets/cartoon/puff-sheet.png → 200 (?ms, 1735206B)
[2026-09-16T10:20:40.612Z] GET http://localhost:5183/assets/cartoon/cup-sheet.png → 200 (?ms, 2323749B)
[2026-09-16T10:20:40.613Z] GET blob:http://localhost:5183/7d0d77a5-87a3-4ddd-8ed1-9f9bd8526213 → 200 (?ms, 198180B)
[2026-09-16T10:20:40.613Z] GET blob:http://localhost:5183/0fdbf7a7-5112-4c17-bb10-d49908435f16 → 200 (?ms, 1558609B)
[2026-09-16T10:20:40.613Z] GET blob:http://localhost:5183/24828774-f172-4755-8a88-80d40fa87bf7 → 200 (?ms, 1735206B)
[2026-09-16T10:20:40.614Z] GET blob:http://localhost:5183/4f890049-7865-429d-acd0-3378f08774d0 → 200 (?ms, 2323749B)
[2026-09-16T10:26:48.073Z] GET http://localhost:5184/ → 200 (15ms, 328B)
[2026-09-16T10:26:48.130Z] GET http://localhost:5184/@vite/client → 200 (20ms, 182551B)
[2026-09-16T10:26:48.130Z] GET http://localhost:5184/src/main.js → 200 (4ms, 962B)
[2026-09-16T10:26:48.149Z] GET http://localhost:5184/node_modules/.vite/deps/vue.js?v=a36f4411 → 200 (16ms, 395696B)
[2026-09-16T10:26:48.149Z] GET http://localhost:5184/src/App.vue → 200 (3ms, 129953B)
[2026-09-16T10:26:48.149Z] GET http://localhost:5184/src/style.css → 200 (4ms, 3461B)
[2026-09-16T10:26:48.150Z] GET http://localhost:5184/node_modules/vite/dist/client/env.mjs → 200 (4ms, 4278B)
[2026-09-16T10:26:48.153Z] GET http://localhost:5184/node_modules/.vite/deps/phaser.js?v=a36f4411 → 200 (55ms, ?B)
[2026-09-16T10:26:48.153Z] GET http://localhost:5184/src/artwork.js → 200 (18ms, 17025B)
[2026-09-16T10:26:48.153Z] GET http://localhost:5184/@id/__x00__plugin-vue:export-helper → 200 (19ms, 1074B)
[2026-09-16T10:26:48.165Z] GET http://localhost:5184/node_modules/.vite/deps/chunk-BUSYA2B4.js?v=a36f4411 → 200 (7ms, 1399B)
[2026-09-16T10:26:48.468Z] GET http://localhost:5184/assets/background.jpg → 200 (1ms, 198180B)
[2026-09-16T10:26:48.468Z] GET http://localhost:5184/assets/cartoon/slingshot-sheet.png → 200 (1ms, 1558609B)
[2026-09-16T10:26:48.468Z] GET http://localhost:5184/assets/cartoon/puff-sheet.png → 200 (1ms, 1735206B)
[2026-09-16T10:26:48.468Z] GET http://localhost:5184/assets/cartoon/cup-sheet.png → 200 (2ms, 2323749B)
[2026-09-16T10:26:48.470Z] GET blob:http://localhost:5184/0b8c91af-2b0a-4c2b-a270-c42f8c621fbf → 200 (2ms, 198180B)
[2026-09-16T10:26:48.470Z] GET blob:http://localhost:5184/8b1a7411-9f0f-4579-bf40-1804a13fbe75 → 200 (2ms, 1558609B)
[2026-09-16T10:26:48.472Z] GET blob:http://localhost:5184/da8dfd01-2ce0-43f3-aeae-c357450c9af6 → 200 (?ms, 1735206B)
[2026-09-16T10:26:48.472Z] GET blob:http://localhost:5184/77817810-6ba9-40cc-b87b-db81dcd1d36b → 200 (?ms, 2323749B)
[2026-09-16T10:39:18.912Z] GET http://localhost:5185/ → 200 (32ms, 328B)
[2026-09-16T10:39:18.994Z] GET http://localhost:5185/@vite/client → 200 (22ms, 182535B)
[2026-09-16T10:39:18.994Z] GET http://localhost:5185/src/main.js → 200 (2ms, 962B)
[2026-09-16T10:39:19.003Z] GET http://localhost:5185/node_modules/.vite/deps/vue.js?v=a36f4411 → 200 (14ms, 395696B)
[2026-09-16T10:39:19.003Z] GET http://localhost:5185/src/App.vue → 200 (14ms, 133464B)
[2026-09-16T10:39:19.003Z] GET http://localhost:5185/src/style.css → 200 (14ms, 3461B)
[2026-09-16T10:39:19.017Z] GET http://localhost:5185/node_modules/vite/dist/client/env.mjs → 200 (1ms, 4278B)
[2026-09-16T10:39:19.017Z] GET http://localhost:5185/node_modules/.vite/deps/phaser.js?v=a36f4411 → pending (?ms, ?B)
[2026-09-16T10:39:19.017Z] GET http://localhost:5185/src/artwork.js → 200 (30ms, 17025B)
[2026-09-16T10:39:19.017Z] GET http://localhost:5185/@id/__x00__plugin-vue:export-helper → 200 (30ms, ?B)
[2026-09-16T10:39:19.017Z] GET http://localhost:5185/node_modules/.vite/deps/chunk-BUSYA2B4.js?v=a36f4411 → pending (?ms, ?B)
[2026-09-16T10:39:19.364Z] GET http://localhost:5185/assets/background.jpg → 200 (1ms, 198180B)
[2026-09-16T10:39:19.364Z] GET http://localhost:5185/assets/cartoon/slingshot-sheet.png → 200 (1ms, 1558609B)
[2026-09-16T10:39:19.364Z] GET http://localhost:5185/assets/cartoon/puff-sheet.png → 200 (1ms, 1735206B)
[2026-09-16T10:39:19.365Z] GET http://localhost:5185/assets/cartoon/cup-sheet.png → 200 (?ms, 2323749B)
[2026-09-16T10:39:19.365Z] GET blob:http://localhost:5185/9e576361-fc31-427c-b5b4-2cc13574ee57 → 200 (1ms, 198180B)
[2026-09-16T10:39:19.366Z] GET blob:http://localhost:5185/b8b38f28-f71a-4f97-8acc-d798eb908fa3 → 200 (?ms, 1558609B)
[2026-09-16T10:39:19.366Z] GET blob:http://localhost:5185/d3044649-163f-441a-895f-21e0593805b4 → 200 (?ms, 1735206B)
[2026-09-16T10:39:19.366Z] GET blob:http://localhost:5185/15218ef5-44ed-4f24-9905-ad6f31feab0b → 200 (?ms, 2323749B)
[2026-09-16T10:40:59.529Z] GET http://localhost:5185/src/App.vue?t=1789555259271 → 200 (42ms, 133667B)
[2026-09-16T10:40:59.780Z] GET http://localhost:5185/assets/background.jpg → 200 (12ms, 198180B)
[2026-09-16T10:40:59.781Z] GET http://localhost:5185/assets/cartoon/slingshot-sheet.png → 200 (11ms, 1558609B)
[2026-09-16T10:40:59.782Z] GET http://localhost:5185/assets/cartoon/puff-sheet.png → 200 (14ms, 1735206B)
[2026-09-16T10:40:59.787Z] GET http://localhost:5185/assets/cartoon/cup-sheet.png → 200 (10ms, 2323749B)
[2026-09-16T10:40:59.792Z] GET blob:http://localhost:5185/7c71f6a7-6482-4a2c-9a0a-f28c5d85fb3e → 200 (4ms, 198180B)
[2026-09-16T10:40:59.797Z] GET blob:http://localhost:5185/56f9f157-83b6-42c4-bf6d-f25be1203c97 → 200 (7ms, 1558609B)
[2026-09-16T10:40:59.804Z] GET blob:http://localhost:5185/1e0e32c1-a975-4632-82f6-d92bb914d826 → 200 (?ms, 1735206B)
[2026-09-16T10:40:59.804Z] GET blob:http://localhost:5185/30109d3e-df66-4598-9fa1-3aa20bdd0c7c → 200 (1ms, 2323749B)
[2026-09-16T10:41:12.594Z] GET http://localhost:5185/ → 200 (9ms, 344B)
[2026-09-16T10:41:12.626Z] GET http://localhost:5185/@vite/client → 200 (3ms, 182535B)
[2026-09-16T10:41:12.626Z] GET http://localhost:5185/src/main.js?t=1789555259271 → 200 (3ms, 1026B)
[2026-09-16T10:41:12.631Z] GET http://localhost:5185/node_modules/vite/dist/client/env.mjs → 200 (1ms, 4278B)
[2026-09-16T10:41:12.631Z] GET http://localhost:5185/node_modules/.vite/deps/vue.js?v=a36f4411 → 200 (?ms, 395696B)
[2026-09-16T10:41:12.631Z] GET http://localhost:5185/src/App.vue?t=1789555259271 → 200 (7ms, 133667B)
[2026-09-16T10:41:12.631Z] GET http://localhost:5185/src/style.css → 200 (7ms, 3461B)
[2026-09-16T10:41:12.632Z] GET http://localhost:5185/node_modules/.vite/deps/chunk-BUSYA2B4.js?v=a36f4411 → 200 (?ms, 1399B)
[2026-09-16T10:41:12.642Z] GET http://localhost:5185/node_modules/.vite/deps/phaser.js?v=a36f4411 → 200 (55ms, 6685377B)
[2026-09-16T10:41:12.642Z] GET http://localhost:5185/src/artwork.js → 200 (22ms, 17025B)
[2026-09-16T10:41:12.642Z] GET http://localhost:5185/@id/__x00__plugin-vue:export-helper → 200 (23ms, 1074B)
[2026-09-16T10:41:12.965Z] GET http://localhost:5185/assets/background.jpg → 200 (1ms, 198180B)
[2026-09-16T10:41:12.965Z] GET http://localhost:5185/assets/cartoon/slingshot-sheet.png → 200 (1ms, 1558609B)
[2026-09-16T10:41:12.965Z] GET http://localhost:5185/assets/cartoon/puff-sheet.png → 200 (1ms, 1735206B)
[2026-09-16T10:41:12.965Z] GET http://localhost:5185/assets/cartoon/cup-sheet.png → 200 (1ms, 2323749B)
[2026-09-16T10:41:12.966Z] GET blob:http://localhost:5185/f0981c46-7fe5-4bb4-a5f5-77898bb3adbb → 200 (2ms, 198180B)
[2026-09-16T10:41:12.967Z] GET blob:http://localhost:5185/8a1f2a79-1d10-4d3d-8a54-1e0986ed70a0 → 200 (1ms, 1558609B)
[2026-09-16T10:41:12.967Z] GET blob:http://localhost:5185/e7e2a6f6-33ab-4080-a141-28c145606faa → 200 (1ms, 1735206B)
[2026-09-16T10:41:12.968Z] GET blob:http://localhost:5185/933f98ed-b6a7-4182-8b4d-a6d9452fcfe9 → 200 (?ms, 2323749B)
[2026-09-16T10:43:18.346Z] GET http://localhost:5185/src/App.vue?t=1789555398311 → 200 (16ms, 136789B)
[2026-09-16T10:43:18.387Z] GET http://localhost:5185/assets/background.jpg → 200 (63ms, 198180B)
[2026-09-16T10:43:18.388Z] GET http://localhost:5185/assets/cartoon/slingshot-sheet.png → 200 (144ms, 1558609B)
[2026-09-16T10:43:18.437Z] GET http://localhost:5185/assets/cartoon/puff-sheet.png → 200 (112ms, 1735206B)
[2026-09-16T10:43:18.437Z] GET http://localhost:5185/assets/cartoon/cup-sheet.png → 200 (114ms, 2323749B)
[2026-09-16T10:43:18.450Z] GET blob:http://localhost:5185/1e5f38e6-97f3-4773-b446-1089431f124e → 200 (3ms, 198180B)
[2026-09-16T10:43:18.535Z] GET blob:http://localhost:5185/d8d2fbec-4f1b-4f91-a8d1-49840703a003 → 200 (14ms, 1558609B)
[2026-09-16T10:43:18.550Z] GET blob:http://localhost:5185/034507ac-4e32-450f-b9bb-6b119e88043b → 200 (?ms, 1735206B)
[2026-09-16T10:43:18.553Z] GET blob:http://localhost:5185/0ce1196e-53c9-4206-85bf-c99e8355cde2 → 200 (?ms, 2323749B)
[2026-09-16T10:43:40.137Z] GET http://localhost:5185/src/App.vue?t=1789555420104 → 200 (23ms, ?B)
[2026-09-16T10:43:40.217Z] GET http://localhost:5185/assets/background.jpg → 200 (1ms, 198180B)
[2026-09-16T10:43:40.217Z] GET http://localhost:5185/assets/cartoon/slingshot-sheet.png → 200 (2ms, 1558609B)
[2026-09-16T10:43:40.217Z] GET http://localhost:5185/assets/cartoon/puff-sheet.png → 200 (3ms, 1735206B)
[2026-09-16T10:43:40.217Z] GET http://localhost:5185/assets/cartoon/cup-sheet.png → 200 (3ms, 2323749B)
[2026-09-16T10:43:40.218Z] GET blob:http://localhost:5185/ab816327-ce34-4406-aec7-11521a5c4366 → 200 (2ms, 198180B)
[2026-09-16T10:43:40.222Z] GET blob:http://localhost:5185/21d55401-4fa8-4173-8dd7-e43cdffebea0 → 200 (1ms, 1558609B)
[2026-09-16T10:43:40.222Z] GET blob:http://localhost:5185/0d819402-e7f6-4138-b1b5-8bd235fe7ad8 → 200 (1ms, 1735206B)
[2026-09-16T10:43:40.223Z] GET blob:http://localhost:5185/821821d8-95e5-448b-82a5-0e213af973a7 → 200 (?ms, 2323749B)
[2026-09-16T10:43:57.137Z] GET http://localhost:5185/ → 200 (8ms, 344B)
[2026-09-16T10:43:57.171Z] GET http://localhost:5185/@vite/client → 200 (3ms, 182535B)
[2026-09-16T10:43:57.171Z] GET http://localhost:5185/src/main.js?t=1789555420104 → 200 (1ms, 1026B)
[2026-09-16T10:43:57.175Z] GET http://localhost:5185/node_modules/.vite/deps/vue.js?v=a36f4411 → 200 (?ms, 395696B)
[2026-09-16T10:43:57.175Z] GET http://localhost:5185/src/App.vue?t=1789555420104 → 200 (4ms, 135135B)
[2026-09-16T10:43:57.175Z] GET http://localhost:5185/src/style.css → 200 (4ms, 3461B)
[2026-09-16T10:43:57.175Z] GET http://localhost:5185/node_modules/vite/dist/client/env.mjs → 200 (4ms, 4278B)
[2026-09-16T10:43:57.176Z] GET http://localhost:5185/node_modules/.vite/deps/chunk-BUSYA2B4.js?v=a36f4411 → 200 (?ms, 1399B)
[2026-09-16T10:43:57.183Z] GET http://localhost:5185/node_modules/.vite/deps/phaser.js?v=a36f4411 → pending (?ms, ?B)
[2026-09-16T10:43:57.183Z] GET http://localhost:5185/src/artwork.js → pending (?ms, ?B)
[2026-09-16T10:43:57.183Z] GET http://localhost:5185/@id/__x00__plugin-vue:export-helper → pending (?ms, ?B)
[2026-09-16T10:43:57.493Z] GET http://localhost:5185/assets/background.jpg → 200 (?ms, 198180B)
[2026-09-16T10:43:57.493Z] GET http://localhost:5185/assets/cartoon/slingshot-sheet.png → 200 (?ms, 1558609B)
[2026-09-16T10:43:57.493Z] GET http://localhost:5185/assets/cartoon/puff-sheet.png → 200 (1ms, 1735206B)
[2026-09-16T10:43:57.493Z] GET http://localhost:5185/assets/cartoon/cup-sheet.png → 200 (1ms, 2323749B)
[2026-09-16T10:43:57.495Z] GET blob:http://localhost:5185/bd6f0693-6161-4e7f-bbb0-614ff6868320 → 200 (1ms, 198180B)
[2026-09-16T10:43:57.495Z] GET blob:http://localhost:5185/33385628-25bb-4741-82fe-7afbba3dc491 → 200 (1ms, 1558609B)
[2026-09-16T10:43:57.495Z] GET blob:http://localhost:5185/2c364c2f-1429-49a9-ab90-b6402a9d1a72 → 200 (1ms, 1735206B)
[2026-09-16T10:43:57.496Z] GET blob:http://localhost:5185/74676ad8-e865-4fb2-9d6b-4c3305165148 → 200 (?ms, 2323749B)
[2026-09-16T10:46:34.576Z] GET http://localhost:5185/src/App.vue?t=1789555594520 → 200 (25ms, 136630B)
[2026-09-16T10:46:34.645Z] GET http://localhost:5185/assets/background.jpg → 200 (15ms, 198180B)
[2026-09-16T10:46:34.648Z] GET http://localhost:5185/assets/cartoon/slingshot-sheet.png → 200 (14ms, 1558609B)
[2026-09-16T10:46:34.648Z] GET http://localhost:5185/assets/cartoon/puff-sheet.png → 200 (15ms, 1735206B)
[2026-09-16T10:46:34.655Z] GET http://localhost:5185/assets/cartoon/cup-sheet.png → 200 (33ms, 2323749B)
[2026-09-16T10:46:34.660Z] GET blob:http://localhost:5185/633725ce-6992-4eeb-92a2-521d2fa8745d → 200 (28ms, 198180B)
[2026-09-16T10:46:34.690Z] GET blob:http://localhost:5185/c4e23be6-4147-4a7f-873d-dc3cad553766 → 200 (?ms, 1558609B)
[2026-09-16T10:46:34.693Z] GET blob:http://localhost:5185/1f246661-8f39-4b67-af15-a9f1bab64688 → 200 (?ms, 1735206B)
[2026-09-16T10:46:34.694Z] GET blob:http://localhost:5185/984b356a-a1da-4af4-83e2-64010afb89c8 → 200 (?ms, 2323749B)
[2026-09-16T10:46:51.948Z] GET http://localhost:5185/ → 200 (11ms, 344B)
[2026-09-16T10:46:51.964Z] GET http://localhost:5185/@vite/client → 200 (18ms, 182535B)
[2026-09-16T10:46:51.964Z] GET http://localhost:5185/src/main.js?t=1789555594520 → 200 (15ms, 1026B)
[2026-09-16T10:46:51.980Z] GET http://localhost:5185/node_modules/.vite/deps/vue.js?v=a36f4411 → 200 (?ms, 395696B)
[2026-09-16T10:46:51.980Z] GET http://localhost:5185/src/App.vue?t=1789555594520 → 200 (2ms, 136630B)
[2026-09-16T10:46:51.981Z] GET http://localhost:5185/src/style.css → 200 (1ms, 3461B)
[2026-09-16T10:46:51.981Z] GET http://localhost:5185/node_modules/.vite/deps/chunk-BUSYA2B4.js?v=a36f4411 → 200 (?ms, 1399B)
[2026-09-16T10:46:51.982Z] GET http://localhost:5185/node_modules/vite/dist/client/env.mjs → 200 (2ms, 4278B)
[2026-09-16T10:46:51.983Z] GET http://localhost:5185/node_modules/.vite/deps/phaser.js?v=a36f4411 → 200 (54ms, 6685377B)
[2026-09-16T10:46:51.983Z] GET http://localhost:5185/src/artwork.js → 200 (24ms, 17025B)
[2026-09-16T10:46:51.983Z] GET http://localhost:5185/@id/__x00__plugin-vue:export-helper → 200 (25ms, 1074B)
[2026-09-16T10:46:52.279Z] GET http://localhost:5185/assets/background.jpg → 200 (1ms, ?B)
[2026-09-16T10:46:52.279Z] GET http://localhost:5185/assets/cartoon/slingshot-sheet.png → 200 (1ms, ?B)
[2026-09-16T10:46:52.279Z] GET http://localhost:5185/assets/cartoon/puff-sheet.png → 200 (1ms, ?B)
[2026-09-16T10:46:52.279Z] GET http://localhost:5185/assets/cartoon/cup-sheet.png → 200 (1ms, ?B)
[2026-09-16T10:46:52.280Z] GET blob:http://localhost:5185/1d305657-6ca6-4d7d-be5b-94dfd04f586c → 200 (?ms, 198180B)
[2026-09-16T10:46:52.280Z] GET blob:http://localhost:5185/1f26b898-b75e-41fa-9ac8-6ae4a96fc122 → 200 (1ms, 1558609B)
[2026-09-16T10:46:52.281Z] GET blob:http://localhost:5185/28c3b36b-35af-4a80-81ca-59a47ec82fb0 → 200 (?ms, ?B)
[2026-09-16T10:46:52.281Z] GET blob:http://localhost:5185/47bf59d4-e5d9-4a0d-bc8d-c4b3b1444abd → 200 (?ms, ?B)
[2026-09-16T10:48:40.021Z] GET http://localhost:5185/src/App.vue?t=1789555719579 → 200 (53ms, 138125B)
[2026-09-16T10:48:40.194Z] GET http://localhost:5185/assets/background.jpg → 200 (12ms, 198180B)
[2026-09-16T10:48:40.195Z] GET http://localhost:5185/assets/cartoon/slingshot-sheet.png → 200 (11ms, 1558609B)
[2026-09-16T10:48:40.195Z] GET http://localhost:5185/assets/cartoon/puff-sheet.png → 200 (11ms, 1735206B)
[2026-09-16T10:48:40.196Z] GET http://localhost:5185/assets/cartoon/cup-sheet.png → 200 (10ms, 2323749B)
[2026-09-16T10:48:40.209Z] GET blob:http://localhost:5185/28448a1a-7d4c-4110-a318-4a5fbdef3743 → 200 (3ms, 198180B)
[2026-09-16T10:48:40.210Z] GET blob:http://localhost:5185/cc5a7d86-b397-4888-b0ff-ff35310a01ea → 200 (4ms, 1558609B)
[2026-09-16T10:48:40.215Z] GET blob:http://localhost:5185/37406cad-2068-4600-b200-91fbaef9881a → 200 (2ms, 1735206B)
[2026-09-16T10:48:40.216Z] GET blob:http://localhost:5185/ae7ed86f-9705-4fca-bf45-0b0788ee1004 → 200 (1ms, 2323749B)
[2026-09-16T10:48:57.363Z] GET http://localhost:5185/ → 200 (9ms, 344B)
[2026-09-16T10:48:57.410Z] GET http://localhost:5185/@vite/client → 200 (3ms, 182535B)
[2026-09-16T10:48:57.410Z] GET http://localhost:5185/src/main.js?t=1789555719579 → 200 (3ms, 1026B)
[2026-09-16T10:48:57.415Z] GET http://localhost:5185/node_modules/vite/dist/client/env.mjs → 200 (6ms, 4278B)
[2026-09-16T10:48:57.418Z] GET http://localhost:5185/node_modules/.vite/deps/vue.js?v=a36f4411 → 200 (1ms, 395696B)
[2026-09-16T10:48:57.419Z] GET http://localhost:5185/src/App.vue?t=1789555719579 → 200 (8ms, ?B)
[2026-09-16T10:48:57.419Z] GET http://localhost:5185/src/style.css → 200 (8ms, 3461B)
[2026-09-16T10:48:57.421Z] GET http://localhost:5185/node_modules/.vite/deps/chunk-BUSYA2B4.js?v=a36f4411 → 200 (?ms, 1399B)
[2026-09-16T10:48:57.428Z] GET http://localhost:5185/node_modules/.vite/deps/phaser.js?v=a36f4411 → pending (?ms, ?B)
[2026-09-16T10:48:57.428Z] GET http://localhost:5185/src/artwork.js → pending (?ms, ?B)
[2026-09-16T10:48:57.428Z] GET http://localhost:5185/@id/__x00__plugin-vue:export-helper → pending (?ms, ?B)
[2026-09-16T10:48:57.757Z] GET http://localhost:5185/assets/background.jpg → 200 (2ms, 198180B)
[2026-09-16T10:48:57.758Z] GET http://localhost:5185/assets/cartoon/slingshot-sheet.png → 200 (1ms, 1558609B)
[2026-09-16T10:48:57.758Z] GET http://localhost:5185/assets/cartoon/puff-sheet.png → 200 (1ms, 1735206B)
[2026-09-16T10:48:57.758Z] GET http://localhost:5185/assets/cartoon/cup-sheet.png → 200 (1ms, 2323749B)
[2026-09-16T10:48:57.759Z] GET blob:http://localhost:5185/5ea47057-1bb2-4788-89bd-d660b6c9b9a8 → 200 (?ms, 198180B)
[2026-09-16T10:48:57.759Z] GET blob:http://localhost:5185/22c61059-39f6-4724-b22b-44cd9497b0d1 → 200 (?ms, 1558609B)
[2026-09-16T10:48:57.760Z] GET blob:http://localhost:5185/114a75c3-eed5-4a18-9253-c647e21832dd → 200 (?ms, 1735206B)
[2026-09-16T10:48:57.760Z] GET blob:http://localhost:5185/6b8e047f-5e3a-4380-9d1c-f64dc96955ac → 200 (?ms, 2323749B)
[2026-09-16T10:50:02.508Z] GET http://localhost:5185/src/App.vue?t=1789555802462 → 200 (63ms, 137922B)
[2026-09-16T10:50:02.641Z] GET http://localhost:5185/assets/background.jpg → 200 (27ms, 198180B)
[2026-09-16T10:50:02.641Z] GET http://localhost:5185/assets/cartoon/slingshot-sheet.png → 200 (58ms, 1558609B)
[2026-09-16T10:50:02.658Z] GET http://localhost:5185/assets/cartoon/puff-sheet.png → 200 (41ms, 1735206B)
[2026-09-16T10:50:02.658Z] GET http://localhost:5185/assets/cartoon/cup-sheet.png → 200 (41ms, 2323749B)
[2026-09-16T10:50:02.668Z] GET blob:http://localhost:5185/4b1ca427-35c2-4e5d-b42b-86afca2d10ff → 200 (1ms, 198180B)
[2026-09-16T10:50:02.703Z] GET blob:http://localhost:5185/4cf574ff-e53f-462d-a359-bf2e1f60b9eb → 200 (1ms, 1558609B)
[2026-09-16T10:50:02.705Z] GET blob:http://localhost:5185/685553e2-1cc3-4304-ad2f-143ff84e7839 → 200 (7ms, 1735206B)
[2026-09-16T10:50:02.712Z] GET blob:http://localhost:5185/fe0ccb46-a245-43b0-a939-063925488741 → 200 (1ms, 2323749B)
[2026-09-16T10:50:26.002Z] GET http://localhost:5185/ → 200 (12ms, 344B)
[2026-09-16T10:50:26.046Z] GET http://localhost:5185/@vite/client → 200 (2ms, 182535B)
[2026-09-16T10:50:26.046Z] GET http://localhost:5185/src/main.js?t=1789555802462 → 200 (?ms, 1026B)
[2026-09-16T10:50:26.053Z] GET http://localhost:5185/node_modules/.vite/deps/vue.js?v=a36f4411 → 200 (?ms, 395696B)
[2026-09-16T10:50:26.053Z] GET http://localhost:5185/src/App.vue?t=1789555802462 → 200 (2ms, 137922B)
[2026-09-16T10:50:26.053Z] GET http://localhost:5185/src/style.css → 200 (2ms, 3461B)
[2026-09-16T10:50:26.054Z] GET http://localhost:5185/node_modules/vite/dist/client/env.mjs → 200 (2ms, 4278B)
[2026-09-16T10:50:26.054Z] GET http://localhost:5185/node_modules/.vite/deps/chunk-BUSYA2B4.js?v=a36f4411 → 200 (?ms, 1399B)
[2026-09-16T10:50:26.055Z] GET http://localhost:5185/node_modules/.vite/deps/phaser.js?v=a36f4411 → 200 (63ms, 6685377B)
[2026-09-16T10:50:26.055Z] GET http://localhost:5185/src/artwork.js → 200 (30ms, 17025B)
[2026-09-16T10:50:26.055Z] GET http://localhost:5185/@id/__x00__plugin-vue:export-helper → 200 (30ms, 1074B)
[2026-09-16T10:50:26.393Z] GET http://localhost:5185/assets/background.jpg → 200 (1ms, 198180B)
[2026-09-16T10:50:26.394Z] GET http://localhost:5185/assets/cartoon/slingshot-sheet.png → 200 (1ms, 1558609B)
[2026-09-16T10:50:26.394Z] GET http://localhost:5185/assets/cartoon/puff-sheet.png → 200 (1ms, 1735206B)
[2026-09-16T10:50:26.394Z] GET http://localhost:5185/assets/cartoon/cup-sheet.png → 200 (1ms, 2323749B)
[2026-09-16T10:50:26.396Z] GET blob:http://localhost:5185/2d9501b7-d00c-4189-9338-c78faf1921a8 → 200 (?ms, 198180B)
[2026-09-16T10:50:26.397Z] GET blob:http://localhost:5185/dcd701c3-31f0-4b57-b6fb-ee7bd9786b42 → 200 (?ms, 1558609B)
[2026-09-16T10:50:26.398Z] GET blob:http://localhost:5185/af8513d4-c6b3-41ac-9b76-9de539ee6951 → 200 (?ms, 1735206B)
[2026-09-16T10:50:26.398Z] GET blob:http://localhost:5185/f488ab36-c1d4-46c8-981c-f783a3f5ba66 → 200 (?ms, 2323749B)
[2026-09-16T11:07:35.493Z] GET http://localhost:5186/ → 200 (13ms, 328B)
[2026-09-16T11:07:35.554Z] GET http://localhost:5186/@vite/client → 200 (9ms, 182535B)
[2026-09-16T11:07:35.554Z] GET http://localhost:5186/src/main.js → 200 (3ms, 962B)
[2026-09-16T11:07:35.571Z] GET http://localhost:5186/node_modules/.vite/deps/vue.js?v=a36f4411 → 200 (15ms, 395696B)
[2026-09-16T11:07:35.571Z] GET http://localhost:5186/src/App.vue → 200 (5ms, 140355B)
[2026-09-16T11:07:35.571Z] GET http://localhost:5186/src/style.css → 200 (4ms, 3461B)
[2026-09-16T11:07:35.571Z] GET http://localhost:5186/node_modules/vite/dist/client/env.mjs → 200 (6ms, 4278B)
[2026-09-16T11:07:35.577Z] GET http://localhost:5186/node_modules/.vite/deps/phaser.js?v=a36f4411 → 200 (65ms, 6685377B)
[2026-09-16T11:07:35.577Z] GET http://localhost:5186/src/artwork.js → 200 (26ms, 17025B)
[2026-09-16T11:07:35.577Z] GET http://localhost:5186/@id/__x00__plugin-vue:export-helper → 200 (26ms, 1074B)
[2026-09-16T11:07:35.591Z] GET http://localhost:5186/node_modules/.vite/deps/chunk-BUSYA2B4.js?v=a36f4411 → 200 (13ms, 1399B)
[2026-09-16T11:07:35.916Z] GET http://localhost:5186/assets/background.jpg → 200 (2ms, 198180B)
[2026-09-16T11:07:35.916Z] GET http://localhost:5186/assets/cartoon/slingshot-sheet.png → 200 (2ms, 1558609B)
[2026-09-16T11:07:35.916Z] GET http://localhost:5186/assets/cartoon/puff-sheet.png → 200 (2ms, 1735206B)
[2026-09-16T11:07:35.916Z] GET http://localhost:5186/assets/cartoon/cup-sheet.png → 200 (2ms, 2323749B)
[2026-09-16T11:07:35.916Z] GET http://localhost:5186/assets/sounds/rubberband.mp3 → 200 (2ms, 43008B)
[2026-09-16T11:07:35.916Z] GET http://localhost:5186/assets/sounds/shootingsound.mp3 → 200 (3ms, 33792B)
[2026-09-16T11:07:35.919Z] GET blob:http://localhost:5186/87fd9be8-0b67-4e3d-8ab6-c75b15846280 → 200 (1ms, 198180B)
[2026-09-16T11:07:35.920Z] GET blob:http://localhost:5186/bfacee10-1fba-4805-8156-250d969c4705 → 200 (1ms, 1558609B)
[2026-09-16T11:07:35.920Z] GET blob:http://localhost:5186/d2085114-2a6f-4941-bc95-faa0a1ebab31 → 200 (1ms, 1735206B)
[2026-09-16T11:07:35.920Z] GET blob:http://localhost:5186/de245aa0-647a-4b31-9d93-7fecf098e314 → 200 (1ms, 2323749B)
[2026-09-16T11:07:42.727Z] GET http://localhost:5186/ → 200 (3ms, 328B)
[2026-09-16T11:07:42.735Z] GET http://localhost:5186/@vite/client → 200 (7ms, 182535B)
[2026-09-16T11:07:42.735Z] GET http://localhost:5186/src/main.js → 200 (6ms, 962B)
[2026-09-16T11:07:42.741Z] GET http://localhost:5186/node_modules/.vite/deps/vue.js?v=a36f4411 → 200 (?ms, 395696B)
[2026-09-16T11:07:42.741Z] GET http://localhost:5186/src/App.vue → 200 (2ms, 140355B)
[2026-09-16T11:07:42.741Z] GET http://localhost:5186/src/style.css → 200 (2ms, 3461B)
[2026-09-16T11:07:42.742Z] GET http://localhost:5186/node_modules/.vite/deps/chunk-BUSYA2B4.js?v=a36f4411 → 200 (?ms, 1399B)
[2026-09-16T11:07:42.742Z] GET http://localhost:5186/node_modules/vite/dist/client/env.mjs → 200 (2ms, 4278B)
[2026-09-16T11:07:42.743Z] GET http://localhost:5186/node_modules/.vite/deps/phaser.js?v=a36f4411 → 200 (55ms, 6685377B)
[2026-09-16T11:07:42.743Z] GET http://localhost:5186/src/artwork.js → 200 (25ms, 17025B)
[2026-09-16T11:07:42.743Z] GET http://localhost:5186/@id/__x00__plugin-vue:export-helper → 200 (26ms, 1074B)
[2026-09-16T11:07:43.002Z] GET http://localhost:5186/assets/background.jpg → 200 (1ms, 198180B)
[2026-09-16T11:07:43.002Z] GET http://localhost:5186/assets/cartoon/slingshot-sheet.png → 200 (1ms, 1558609B)
[2026-09-16T11:07:43.002Z] GET http://localhost:5186/assets/cartoon/puff-sheet.png → 200 (1ms, 1735206B)
[2026-09-16T11:07:43.002Z] GET http://localhost:5186/assets/cartoon/cup-sheet.png → 200 (1ms, 2323749B)
[2026-09-16T11:07:43.002Z] GET http://localhost:5186/assets/sounds/rubberband.mp3 → 200 (1ms, 43008B)
[2026-09-16T11:07:43.002Z] GET http://localhost:5186/assets/sounds/shootingsound.mp3 → 200 (2ms, 33792B)
[2026-09-16T11:07:43.004Z] GET blob:http://localhost:5186/a0e46215-b423-400a-92cd-2f6b681d9618 → 200 (?ms, 198180B)
[2026-09-16T11:07:43.004Z] GET blob:http://localhost:5186/014e38b3-f3ce-4de3-bcdd-b9d6cf8bb494 → 200 (?ms, 1558609B)
[2026-09-16T11:07:43.004Z] GET blob:http://localhost:5186/63b02271-e918-40c8-9945-14949591274f → 200 (1ms, 1735206B)
[2026-09-16T11:07:43.004Z] GET blob:http://localhost:5186/7421e80e-fd62-4b83-8961-c422f40df3e3 → 200 (1ms, 2323749B)
[2026-09-16T11:10:02.824Z] GET http://localhost:5187/ → 200 (15ms, 328B)
[2026-09-16T11:10:02.887Z] GET http://localhost:5187/@vite/client → 200 (8ms, 182535B)
[2026-09-16T11:10:02.887Z] GET http://localhost:5187/src/main.js → 200 (3ms, 962B)
[2026-09-16T11:10:02.903Z] GET http://localhost:5187/node_modules/.vite/deps/vue.js?v=a36f4411 → 200 (20ms, 395696B)
[2026-09-16T11:10:02.903Z] GET http://localhost:5187/src/App.vue → 200 (5ms, 138679B)
[2026-09-16T11:10:02.903Z] GET http://localhost:5187/src/style.css → 200 (5ms, 3461B)
[2026-09-16T11:10:02.904Z] GET http://localhost:5187/node_modules/vite/dist/client/env.mjs → 200 (5ms, 4278B)
[2026-09-16T11:10:02.909Z] GET http://localhost:5187/node_modules/.vite/deps/phaser.js?v=a36f4411 → 200 (72ms, 6685377B)
[2026-09-16T11:10:02.909Z] GET http://localhost:5187/src/artwork.js → 200 (31ms, 17025B)
[2026-09-16T11:10:02.909Z] GET http://localhost:5187/@id/__x00__plugin-vue:export-helper → 200 (29ms, 1074B)
[2026-09-16T11:10:02.923Z] GET http://localhost:5187/node_modules/.vite/deps/chunk-BUSYA2B4.js?v=a36f4411 → 200 (17ms, 1399B)
[2026-09-16T11:10:03.250Z] GET http://localhost:5187/assets/background.jpg → 200 (2ms, 198180B)
[2026-09-16T11:10:03.250Z] GET http://localhost:5187/assets/cartoon/slingshot-sheet.png → 200 (1ms, 1558609B)
[2026-09-16T11:10:03.250Z] GET http://localhost:5187/assets/cartoon/puff-sheet.png → 200 (2ms, 1735206B)
[2026-09-16T11:10:03.250Z] GET http://localhost:5187/assets/cartoon/cup-sheet.png → 200 (2ms, 2323749B)
[2026-09-16T11:10:03.250Z] GET http://localhost:5187/assets/sounds/yipee.mp3 → 200 (2ms, 36480B)
[2026-09-16T11:10:03.252Z] GET blob:http://localhost:5187/45058393-f2d1-499e-a605-505b917f19ba → 200 (?ms, 198180B)
[2026-09-16T11:10:03.252Z] GET blob:http://localhost:5187/69511082-dcf2-48c2-8b89-767e4b95ba32 → 200 (1ms, 1558609B)
[2026-09-16T11:10:03.253Z] GET blob:http://localhost:5187/bf4aa106-2fa1-444d-b6d2-85ebf85d8726 → 200 (?ms, 1735206B)
[2026-09-16T11:10:03.253Z] GET blob:http://localhost:5187/e31f19cf-255b-4f90-9984-a7ff3ec19fbf → 200 (?ms, 2323749B)
[2026-09-16T11:12:18.316Z] GET http://localhost:5188/ → 200 (19ms, 328B)
[2026-09-16T11:12:18.385Z] GET http://localhost:5188/@vite/client → 200 (11ms, 182535B)
[2026-09-16T11:12:18.385Z] GET http://localhost:5188/src/main.js → 200 (3ms, 962B)
[2026-09-16T11:12:18.404Z] GET http://localhost:5188/node_modules/.vite/deps/vue.js?v=a36f4411 → 200 (18ms, 395696B)
[2026-09-16T11:12:18.404Z] GET http://localhost:5188/src/App.vue → 200 (7ms, 140949B)
[2026-09-16T11:12:18.404Z] GET http://localhost:5188/src/style.css → 200 (7ms, 3461B)
[2026-09-16T11:12:18.405Z] GET http://localhost:5188/node_modules/vite/dist/client/env.mjs → 200 (6ms, 4278B)
[2026-09-16T11:12:18.411Z] GET http://localhost:5188/node_modules/.vite/deps/phaser.js?v=a36f4411 → 200 (82ms, ?B)
[2026-09-16T11:12:18.411Z] GET http://localhost:5188/src/artwork.js → 200 (33ms, 17025B)
[2026-09-16T11:12:18.411Z] GET http://localhost:5188/@id/__x00__plugin-vue:export-helper → 200 (34ms, 1074B)
[2026-09-16T11:12:18.422Z] GET http://localhost:5188/node_modules/.vite/deps/chunk-BUSYA2B4.js?v=a36f4411 → 200 (23ms, 1399B)
[2026-09-16T11:12:18.779Z] GET http://localhost:5188/assets/background.jpg → 200 (1ms, 198180B)
[2026-09-16T11:12:18.779Z] GET http://localhost:5188/assets/cartoon/slingshot-sheet.png → 200 (1ms, 1558609B)
[2026-09-16T11:12:18.779Z] GET http://localhost:5188/assets/cartoon/puff-sheet.png → 200 (2ms, 1735206B)
[2026-09-16T11:12:18.779Z] GET http://localhost:5188/assets/cartoon/cup-sheet.png → 200 (2ms, 2323749B)
[2026-09-16T11:12:18.779Z] GET http://localhost:5188/assets/sounds/yipee.mp3 → 200 (2ms, 36480B)
[2026-09-16T11:12:18.779Z] GET http://localhost:5188/assets/sounds/bgm.mp3 → 200 (2ms, 1939176B)
[2026-09-16T11:12:18.781Z] GET blob:http://localhost:5188/51fdc0cb-396e-4a50-a669-20939222c4e7 → 200 (?ms, 198180B)
[2026-09-16T11:12:18.782Z] GET blob:http://localhost:5188/876fa55c-7d69-4c8d-b884-29c3bb6bee0f → 200 (?ms, 1558609B)
[2026-09-16T11:12:18.782Z] GET blob:http://localhost:5188/25e28218-1cd1-49dd-9b08-2ddff9cebc3c → 200 (?ms, 1735206B)
[2026-09-16T11:12:18.782Z] GET blob:http://localhost:5188/5b30289f-213a-4b3c-949d-e0013cb5b077 → 200 (?ms, 2323749B)
[2026-09-16T11:12:21.441Z] GET http://localhost:5188/ → 200 (5ms, 328B)
[2026-09-16T11:12:21.451Z] GET http://localhost:5188/@vite/client → 304 (1ms, ?B)
[2026-09-16T11:12:21.451Z] GET http://localhost:5188/src/main.js → 304 (2ms, ?B)
[2026-09-16T11:12:21.453Z] GET http://localhost:5188/node_modules/vite/dist/client/env.mjs → 304 (2ms, ?B)
[2026-09-16T11:12:21.454Z] GET http://localhost:5188/node_modules/.vite/deps/vue.js?v=a36f4411 → 200 (?ms, 395696B)
[2026-09-16T11:12:21.454Z] GET http://localhost:5188/src/App.vue → 304 (2ms, ?B)
[2026-09-16T11:12:21.454Z] GET http://localhost:5188/src/style.css → 304 (2ms, ?B)
[2026-09-16T11:12:21.454Z] GET http://localhost:5188/node_modules/.vite/deps/chunk-BUSYA2B4.js?v=a36f4411 → 200 (?ms, 1399B)
[2026-09-16T11:12:21.456Z] GET http://localhost:5188/node_modules/.vite/deps/phaser.js?v=a36f4411 → 200 (?ms, ?B)
[2026-09-16T11:12:21.462Z] GET http://localhost:5188/src/artwork.js → 304 (?ms, ?B)
[2026-09-16T11:12:21.462Z] GET http://localhost:5188/@id/__x00__plugin-vue:export-helper → 304 (1ms, ?B)
[2026-09-16T11:12:21.764Z] GET http://localhost:5188/assets/background.jpg → 200 (1ms, 198180B)
[2026-09-16T11:12:21.764Z] GET http://localhost:5188/assets/cartoon/slingshot-sheet.png → 200 (1ms, 1558609B)
[2026-09-16T11:12:21.764Z] GET http://localhost:5188/assets/cartoon/puff-sheet.png → 200 (1ms, 1735206B)
[2026-09-16T11:12:21.764Z] GET http://localhost:5188/assets/cartoon/cup-sheet.png → 200 (1ms, 2323749B)
[2026-09-16T11:12:21.764Z] GET http://localhost:5188/assets/sounds/yipee.mp3 → 200 (1ms, 36480B)
[2026-09-16T11:12:21.764Z] GET http://localhost:5188/assets/sounds/bgm.mp3 → 200 (1ms, 1939176B)
[2026-09-16T11:12:21.766Z] GET blob:http://localhost:5188/b3866a93-97fe-4606-8f53-5c234d693d3b → 200 (1ms, 198180B)
[2026-09-16T11:12:21.767Z] GET blob:http://localhost:5188/796792c8-4010-4050-9eb0-2de36ca94580 → 200 (2ms, 1558609B)
[2026-09-16T11:12:21.767Z] GET blob:http://localhost:5188/d85e42fe-e329-4ec9-aaca-27b9bbee3f14 → 200 (2ms, 1735206B)
[2026-09-16T11:12:21.769Z] GET blob:http://localhost:5188/3797aed2-5b1f-4566-95dc-01f1165724cc → 200 (?ms, 2323749B)
[2026-09-16T11:12:41.894Z] GET http://localhost:5188/src/App.vue?t=1789557160955 → 200 (92ms, 141152B)
[2026-09-16T11:12:42.037Z] GET http://localhost:5188/assets/background.jpg → 200 (30ms, 198180B)
[2026-09-16T11:12:42.037Z] GET http://localhost:5188/assets/cartoon/slingshot-sheet.png → 200 (34ms, 1558609B)
[2026-09-16T11:12:42.049Z] GET http://localhost:5188/assets/cartoon/puff-sheet.png → 200 (22ms, 1735206B)
[2026-09-16T11:12:42.049Z] GET http://localhost:5188/assets/cartoon/cup-sheet.png → 200 (22ms, 2323749B)
[2026-09-16T11:12:42.053Z] GET http://localhost:5188/assets/sounds/yipee.mp3 → 200 (19ms, 36480B)
[2026-09-16T11:12:42.054Z] GET http://localhost:5188/assets/sounds/bgm.mp3 → 200 (57ms, 1939176B)
[2026-09-16T11:12:42.111Z] GET blob:http://localhost:5188/de08d8f9-6111-4f30-84a9-2d72da93e4b4 → 200 (31ms, 198180B)
[2026-09-16T11:12:42.125Z] GET blob:http://localhost:5188/b8d68248-36d4-4a5e-b48c-99709fcfed85 → 200 (17ms, 1558609B)
[2026-09-16T11:12:42.143Z] GET blob:http://localhost:5188/6aa1382f-7091-49d8-8932-7fcd1952a595 → 200 (?ms, 1735206B)
[2026-09-16T11:12:42.150Z] GET blob:http://localhost:5188/3bcfd715-9378-4e8d-90d5-3ce9bb54aaee → 200 (?ms, 2323749B)
[2026-09-16T11:12:50.457Z] GET http://localhost:5188/ → 200 (9ms, 344B)
[2026-09-16T11:12:50.471Z] GET http://localhost:5188/@vite/client → 200 (4ms, 182535B)
[2026-09-16T11:12:50.471Z] GET http://localhost:5188/src/main.js?t=1789557160955 → 200 (1ms, 1026B)
[2026-09-16T11:12:50.474Z] GET http://localhost:5188/node_modules/.vite/deps/vue.js?v=a36f4411 → 200 (?ms, 395696B)
[2026-09-16T11:12:50.474Z] GET http://localhost:5188/src/App.vue?t=1789557160955 → 200 (2ms, 141152B)
[2026-09-16T11:12:50.474Z] GET http://localhost:5188/src/style.css → 200 (2ms, 3461B)
[2026-09-16T11:12:50.474Z] GET http://localhost:5188/node_modules/.vite/deps/chunk-BUSYA2B4.js?v=a36f4411 → 200 (?ms, 1399B)
[2026-09-16T11:12:50.475Z] GET http://localhost:5188/node_modules/vite/dist/client/env.mjs → 200 (6ms, 4278B)
[2026-09-16T11:12:50.476Z] GET http://localhost:5188/node_modules/.vite/deps/phaser.js?v=a36f4411 → 200 (63ms, ?B)
[2026-09-16T11:12:50.476Z] GET http://localhost:5188/src/artwork.js → 200 (31ms, 17025B)
[2026-09-16T11:12:50.481Z] GET http://localhost:5188/@id/__x00__plugin-vue:export-helper → 200 (27ms, 1074B)
[2026-09-16T11:12:50.798Z] GET http://localhost:5188/assets/background.jpg → 200 (2ms, 198180B)
[2026-09-16T11:12:50.798Z] GET http://localhost:5188/assets/cartoon/slingshot-sheet.png → 200 (3ms, 1558609B)
[2026-09-16T11:12:50.798Z] GET http://localhost:5188/assets/cartoon/puff-sheet.png → 200 (3ms, 1735206B)
[2026-09-16T11:12:50.798Z] GET http://localhost:5188/assets/cartoon/cup-sheet.png → 200 (3ms, 2323749B)
[2026-09-16T11:12:50.799Z] GET http://localhost:5188/assets/sounds/yipee.mp3 → 200 (2ms, 36480B)
[2026-09-16T11:12:50.799Z] GET http://localhost:5188/assets/sounds/bgm.mp3 → 200 (2ms, 1939176B)
[2026-09-16T11:12:50.801Z] GET blob:http://localhost:5188/122bcbf8-ed24-4bdc-af6a-a90a75f94d81 → 200 (1ms, 198180B)
[2026-09-16T11:12:50.802Z] GET blob:http://localhost:5188/05223688-dbda-4692-89f6-68f4d20380d0 → 200 (?ms, 1558609B)
[2026-09-16T11:12:50.802Z] GET blob:http://localhost:5188/bf05769e-cbe2-420d-9eab-2b8c813b98f3 → 200 (1ms, 1735206B)
[2026-09-16T11:12:50.803Z] GET blob:http://localhost:5188/be9f757c-9a90-4e11-a811-d8ac94b56e66 → 200 (?ms, 2323749B)
[2026-09-16T11:13:14.592Z] GET http://localhost:5188/src/App.vue?t=1789557194537 → pending (?ms, ?B)
[2026-09-16T11:13:15.121Z] GET http://localhost:5188/assets/background.jpg → 200 (154ms, 198180B)
[2026-09-16T11:13:15.141Z] GET http://localhost:5188/assets/cartoon/slingshot-sheet.png → 200 (141ms, 1558609B)
[2026-09-16T11:13:15.141Z] GET http://localhost:5188/assets/cartoon/puff-sheet.png → 200 (141ms, 1735206B)
[2026-09-16T11:13:15.190Z] GET http://localhost:5188/assets/cartoon/cup-sheet.png → 200 (92ms, 2323749B)
[2026-09-16T11:13:15.196Z] GET http://localhost:5188/assets/sounds/yipee.mp3 → 200 (86ms, 36480B)
[2026-09-16T11:13:15.225Z] GET http://localhost:5188/assets/sounds/bgm.mp3 → 200 (83ms, 1939176B)
[2026-09-16T11:13:15.275Z] GET blob:http://localhost:5188/e6876087-4539-4274-9d03-cc16e55cb246 → 200 (5ms, 198180B)
[2026-09-16T11:13:15.308Z] GET blob:http://localhost:5188/f516cfcb-ab9f-4868-b03a-8ac2873a43d8 → 200 (?ms, 1558609B)
[2026-09-16T11:13:15.314Z] GET blob:http://localhost:5188/b01ef305-92b1-4203-9de3-66e6a0d92c64 → 200 (?ms, 1735206B)
[2026-09-16T11:13:15.314Z] GET blob:http://localhost:5188/5572b265-a4d9-462b-9754-dc7964254913 → 200 (?ms, 2323749B)
[2026-09-16T11:17:55.919Z] GET http://localhost:5199/kopi-tarikk-world-record-game/ → 200 (14ms, 375B)
[2026-09-16T11:17:55.991Z] GET http://localhost:5199/kopi-tarikk-world-record-game/assets/index-C6eWilZP.js → 200 (33ms, 1559299B)
[2026-09-16T11:17:55.991Z] GET http://localhost:5199/kopi-tarikk-world-record-game/assets/index-I_5YVITz.css → 200 (?ms, 2912B)
[2026-09-16T11:17:56.179Z] GET http://localhost:5199/kopi-tarikk-world-record-game/assets/background.jpg → 200 (15ms, 198180B)
[2026-09-16T11:17:56.179Z] GET http://localhost:5199/kopi-tarikk-world-record-game/assets/cartoon/slingshot-sheet.png → 200 (15ms, 1558609B)
[2026-09-16T11:17:56.179Z] GET http://localhost:5199/kopi-tarikk-world-record-game/assets/cartoon/puff-sheet.png → 200 (16ms, 1735206B)
[2026-09-16T11:17:56.179Z] GET http://localhost:5199/kopi-tarikk-world-record-game/assets/cartoon/cup-sheet.png → 200 (31ms, 2323749B)
[2026-09-16T11:17:56.179Z] GET http://localhost:5199/kopi-tarikk-world-record-game/assets/sounds/yipee.mp3 → 200 (15ms, 36480B)
[2026-09-16T11:17:56.181Z] GET http://localhost:5199/kopi-tarikk-world-record-game/assets/sounds/bgm.mp3 → 200 (29ms, 1939176B)
[2026-09-16T11:17:56.196Z] GET blob:http://localhost:5199/fa3f1d2c-a6b3-43c3-9357-37d3c3915c4b → 200 (?ms, 198180B)
[2026-09-16T11:17:56.212Z] GET blob:http://localhost:5199/47a2162b-cbd0-490e-831b-a6c9ad97d64c → 200 (?ms, 1558609B)
[2026-09-16T11:17:56.213Z] GET blob:http://localhost:5199/e8d445de-210e-4401-b013-be8cf9f176c3 → 200 (?ms, 1735206B)
[2026-09-16T11:17:56.245Z] GET blob:http://localhost:5199/3e4c5968-e8de-4cb5-b4d8-d78a145bb0e9 → 200 (?ms, 2323749B)
[2026-09-16T11:18:05.772Z] GET http://localhost:5199/kopi-tarikk-world-record-game/ → 200 (7ms, 375B)
[2026-09-16T11:18:05.780Z] GET http://localhost:5199/kopi-tarikk-world-record-game/assets/index-C6eWilZP.js → 304 (1ms, ?B)
[2026-09-16T11:18:05.780Z] GET http://localhost:5199/kopi-tarikk-world-record-game/assets/index-I_5YVITz.css → 304 (1ms, ?B)
[2026-09-16T11:18:05.814Z] GET http://localhost:5199/kopi-tarikk-world-record-game/assets/background.jpg → 200 (17ms, ?B)
[2026-09-16T11:18:05.814Z] GET http://localhost:5199/kopi-tarikk-world-record-game/assets/cartoon/slingshot-sheet.png → 200 (18ms, ?B)
[2026-09-16T11:18:05.814Z] GET http://localhost:5199/kopi-tarikk-world-record-game/assets/cartoon/puff-sheet.png → 200 (19ms, ?B)
[2026-09-16T11:18:05.814Z] GET http://localhost:5199/kopi-tarikk-world-record-game/assets/cartoon/cup-sheet.png → 200 (19ms, ?B)
[2026-09-16T11:18:05.814Z] GET http://localhost:5199/kopi-tarikk-world-record-game/assets/sounds/yipee.mp3 → 200 (20ms, 36480B)
[2026-09-16T11:18:05.814Z] GET http://localhost:5199/kopi-tarikk-world-record-game/assets/sounds/bgm.mp3 → 200 (20ms, ?B)
[2026-09-16T11:18:05.838Z] GET blob:http://localhost:5199/ddb6261a-abc1-49f5-8b3b-1d5be5a27e3b → pending (?ms, ?B)
[2026-09-16T11:18:05.853Z] GET blob:http://localhost:5199/bae6cbb2-1a8c-45ee-99e8-062005f2eeea → 200 (2ms, 1558609B)
[2026-09-16T11:18:05.855Z] GET blob:http://localhost:5199/5bb50733-81c5-4afd-9a21-2fb051e02280 → 200 (?ms, 1735206B)
[2026-09-16T11:18:05.855Z] GET blob:http://localhost:5199/eb423f8e-2df1-41e4-87ef-65cd3c8013ec → 200 (?ms, 2323749B)
